../startup/startup_mkl25z4.c:265:6:data_init	8	static
../startup/startup_mkl25z4.c:274:6:bss_init	0	static
../startup/startup_mkl25z4.c:299:6:ResetISR	8	static
../startup/startup_mkl25z4.c:381:14:NMI_Handler	0	static
../startup/startup_mkl25z4.c:385:14:HardFault_Handler	0	static
../startup/startup_mkl25z4.c:389:14:SVC_Handler	0	static
../startup/startup_mkl25z4.c:393:14:PendSV_Handler	0	static
../startup/startup_mkl25z4.c:397:14:SysTick_Handler	0	static
../startup/startup_mkl25z4.c:405:14:IntDefaultHandler	0	static
../startup/startup_mkl25z4.c:415:14:DMA0_IRQHandler	8	static
../startup/startup_mkl25z4.c:419:14:DMA1_IRQHandler	8	static
../startup/startup_mkl25z4.c:423:14:DMA2_IRQHandler	8	static
../startup/startup_mkl25z4.c:427:14:DMA3_IRQHandler	8	static
../startup/startup_mkl25z4.c:431:14:Reserved20_IRQHandler	8	static
../startup/startup_mkl25z4.c:435:14:FTFA_IRQHandler	8	static
../startup/startup_mkl25z4.c:439:14:LVD_LVW_IRQHandler	8	static
../startup/startup_mkl25z4.c:443:14:LLWU_IRQHandler	8	static
../startup/startup_mkl25z4.c:447:14:I2C0_IRQHandler	8	static
../startup/startup_mkl25z4.c:451:14:I2C1_IRQHandler	8	static
../startup/startup_mkl25z4.c:455:14:SPI0_IRQHandler	8	static
../startup/startup_mkl25z4.c:459:14:SPI1_IRQHandler	8	static
../startup/startup_mkl25z4.c:463:14:UART0_IRQHandler	8	static
../startup/startup_mkl25z4.c:467:14:UART1_IRQHandler	8	static
../startup/startup_mkl25z4.c:471:14:UART2_IRQHandler	8	static
../startup/startup_mkl25z4.c:475:14:ADC0_IRQHandler	8	static
../startup/startup_mkl25z4.c:479:14:CMP0_IRQHandler	8	static
../startup/startup_mkl25z4.c:483:14:TPM0_IRQHandler	8	static
../startup/startup_mkl25z4.c:487:14:TPM1_IRQHandler	8	static
../startup/startup_mkl25z4.c:491:14:TPM2_IRQHandler	8	static
../startup/startup_mkl25z4.c:495:14:RTC_IRQHandler	8	static
../startup/startup_mkl25z4.c:499:14:RTC_Seconds_IRQHandler	8	static
../startup/startup_mkl25z4.c:503:14:PIT_IRQHandler	8	static
../startup/startup_mkl25z4.c:507:14:Reserved39_IRQHandler	8	static
../startup/startup_mkl25z4.c:511:14:USB0_IRQHandler	8	static
../startup/startup_mkl25z4.c:515:14:DAC0_IRQHandler	8	static
../startup/startup_mkl25z4.c:519:14:TSI0_IRQHandler	8	static
../startup/startup_mkl25z4.c:523:14:MCG_IRQHandler	8	static
../startup/startup_mkl25z4.c:527:14:LPTMR0_IRQHandler	8	static
../startup/startup_mkl25z4.c:531:14:Reserved45_IRQHandler	8	static
../startup/startup_mkl25z4.c:535:14:PORTA_IRQHandler	8	static
../startup/startup_mkl25z4.c:539:14:PORTD_IRQHandler	8	static
